2026-05-30T15:27:14.298901 === STARTUP BEGIN ===
2026-05-30T15:27:14.299904 frozen=False, argv=['D:\\PycharmProjects\\game\\run_server.py'], cwd=D:\PycharmProjects\game
2026-05-30T15:27:14.306902 step1: stdlib imports OK
2026-05-30T15:27:15.227973 step2: fastapi imports OK
2026-05-30T15:27:15.245943 step3: starlette OK
2026-05-30T15:27:15.347751 step4: jinja2 OK
2026-05-30T15:27:18.864228 step5: openpyxl OK
2026-05-30T15:27:18.963227 step6: database OK
2026-05-30T15:27:18.965227 step7: path OK, frozen=False, resource=D:\PycharmProjects\game
2026-05-30T15:27:18.969227 step8: log dir created: D:\PycharmProjects\game\logs
2026-05-30T15:27:18.976228 step9: FastAPI app created
2026-05-30T15:27:18.978229 step10: session middleware OK
2026-05-30T15:27:18.982226 step11: static files mounted
2026-05-30T15:27:18.984227 step12: jinja2 env OK
2026-05-30T15:32:14.211078 === STARTUP BEGIN ===
2026-05-30T15:32:14.211078 frozen=False, argv=['D:\\PycharmProjects\\game\\run_server.py'], cwd=D:\PycharmProjects\game
2026-05-30T15:32:14.216080 step1: stdlib imports OK
2026-05-30T15:32:14.967743 step2: fastapi imports OK
2026-05-30T15:32:14.982746 step3: starlette OK
2026-05-30T15:32:15.049746 step4: jinja2 OK
2026-05-30T15:32:15.698155 step5: openpyxl OK
2026-05-30T15:32:15.707154 step6: database OK
2026-05-30T15:32:15.708158 step7: path OK, frozen=False, resource=D:\PycharmProjects\game
2026-05-30T15:32:15.709155 step8: log dir created: D:\PycharmProjects\game\logs
2026-05-30T15:32:15.711159 step9: FastAPI app created
2026-05-30T15:32:15.712160 step10: session middleware OK
2026-05-30T15:32:15.713155 step11: static files mounted
2026-05-30T15:32:15.714154 step12: jinja2 env OK
